<html>
<body>
<pre>
<h1>µVision Build Log</h1>
<h2>Tool Versions:</h2>
IDE-Version: ¦ÌVision V5.24.2.0
Copyright (C) 2017 ARM Ltd and ARM Germany GmbH. All rights reserved.
License Information: 1 Lenovo, 1, LIC=PE7DL-0MC8J-HLACL-0BIEE-WNZ0V-JQA1C
 
Tool Versions:
Toolchain:       MDK-ARM Plus  Version: 5.24.1
Toolchain Path:  F:\Keil5ForTest\ARM\ARMCC\Bin
C Compiler:      Armcc.exe V5.06 update 5 (build 528)
Assembler:       Armasm.exe V5.06 update 5 (build 528)
Linker/Locator:  ArmLink.exe V5.06 update 5 (build 528)
Library Manager: ArmAr.exe V5.06 update 5 (build 528)
Hex Converter:   FromElf.exe V5.06 update 5 (build 528)
CPU DLL:         SARMCM3.DLL V5.24.1
Dialog DLL:      DCM.DLL V1.16.0.0
Target DLL:      STLink\ST-LINKIII-KEIL_SWO.dll V3.0.1.0
Dialog DLL:      TCM.DLL V1.32.0.0
 
<h2>Project:</h2>
F:\ProjectSTM\Çø·Ö\final_10111636\final_10111636\final\motor3_0(2)\motor\MDK-ARM\motor.uvprojx
Project File Date:  07/03/2025

<h2>Output:</h2>
*** Using Compiler 'V5.06 update 5 (build 528)', folder: 'F:\Keil5ForTest\ARM\ARMCC\Bin'
Build target 'motor'
compiling main.c...
../Core/Inc/encoder.h(72): warning:  #1-D: last line of file ends without a newline
  #endif /* ENCODER_H */
../Core/Inc/control.h(28): warning:  #1-D: last line of file ends without a newline
  #endif /* CONTROL_H */
../Core/Src/main.c(128): warning:  #177-D: variable "bt_buffer"  was declared but never referenced
      char bt_buffer[128];
../Core/Src/main.c: 3 warnings, 0 errors
linking...
Program Size: Code=18944 RO-data=540 RW-data=116 ZI-data=1564  
FromELF: creating hex file...
"motor\motor.axf" - 0 Error(s), 3 Warning(s).

<h2>Software Packages used:</h2>

Package Vendor: ARM
                http://www.keil.com/pack/ARM.CMSIS.5.0.1.pack
                ARM.CMSIS.5.0.1
                CMSIS (Cortex Microcontroller Software Interface Standard)
   * Component: CORE Version: 5.0.1

Package Vendor: Keil
                http://www.keil.com/pack/Keil.STM32F4xx_DFP.2.15.0.pack
                Keil.STM32F4xx_DFP.2.15.0
                STMicroelectronics STM32F4 Series Device Support, Drivers and Examples

<h2>Collection of Component include folders:</h2>
  .\RTE\_motor
  F:\Keil5ForTest\ARM\PACK\ARM\CMSIS\5.0.1\CMSIS\Include
  F:\Keil5ForTest\ARM\PACK\Keil\STM32F4xx_DFP\2.15.0\Drivers\CMSIS\Device\ST\STM32F4xx\Include

<h2>Collection of Component Files used:</h2>

   * Component: ARM::CMSIS:CORE:5.0.1
Build Time Elapsed:  00:00:03
</pre>
</body>
</html>
